// Jest Snapshot v1, https://goo.gl/fbAQLP

exports[`<Footer /> renders the <Footer /> with populated data 1`] = `
<div
  class="footer__Container-sc-eh6b4z-0 jLwgcp"
>
  <p
    class="footer__Title-sc-eh6b4z-4 jWSCTD"
  >
    Questions? Contact us.
  </p>
  <p
    class="footer__Break-sc-eh6b4z-6 dBdpwM"
  />
  <div
    class="footer__Row-sc-eh6b4z-2 itirrT"
  >
    <div
      class="footer__Column-sc-eh6b4z-1 eWSuSy"
    >
      <a
        class="footer__Link-sc-eh6b4z-3 gljZRp"
        href="#"
      >
        FAQ
      </a>
      <a
        class="footer__Link-sc-eh6b4z-3 gljZRp"
        href="#"
      >
        Investor Relations
      </a>
      <a
        class="footer__Link-sc-eh6b4z-3 gljZRp"
        href="#"
      >
        Ways to Watch
      </a>
      <a
        class="footer__Link-sc-eh6b4z-3 gljZRp"
        href="#"
      >
        Coporate Information
      </a>
      <a
        class="footer__Link-sc-eh6b4z-3 gljZRp"
        href="#"
      >
        Netflix Originals
      </a>
    </div>
    <div
      class="footer__Column-sc-eh6b4z-1 eWSuSy"
    >
      <a
        class="footer__Link-sc-eh6b4z-3 gljZRp"
        href="#"
      >
        Help Centre
      </a>
      <a
        class="footer__Link-sc-eh6b4z-3 gljZRp"
        href="#"
      >
        Jobs
      </a>
      <a
        class="footer__Link-sc-eh6b4z-3 gljZRp"
        href="#"
      >
        Terms of Use
      </a>
      <a
        class="footer__Link-sc-eh6b4z-3 gljZRp"
        href="#"
      >
        Contact Us
      </a>
    </div>
    <div
      class="footer__Column-sc-eh6b4z-1 eWSuSy"
    >
      <a
        class="footer__Link-sc-eh6b4z-3 gljZRp"
        href="#"
      >
        Account
      </a>
      <a
        class="footer__Link-sc-eh6b4z-3 gljZRp"
        href="#"
      >
        Redeem Gift Cards
      </a>
      <a
        class="footer__Link-sc-eh6b4z-3 gljZRp"
        href="#"
      >
        Privacy
      </a>
      <a
        class="footer__Link-sc-eh6b4z-3 gljZRp"
        href="#"
      >
        Speed Test
      </a>
    </div>
    <div
      class="footer__Column-sc-eh6b4z-1 eWSuSy"
    >
      <a
        class="footer__Link-sc-eh6b4z-3 gljZRp"
        href="#"
      >
        Media Centre
      </a>
      <a
        class="footer__Link-sc-eh6b4z-3 gljZRp"
        href="#"
      >
        Buy Gift Cards
      </a>
      <a
        class="footer__Link-sc-eh6b4z-3 gljZRp"
        href="#"
      >
        Cookie Preferences
      </a>
      <a
        class="footer__Link-sc-eh6b4z-3 gljZRp"
        href="#"
      >
        Legal Notices
      </a>
    </div>
  </div>
  <p
    class="footer__Break-sc-eh6b4z-6 dBdpwM"
  />
  <p
    class="footer__Text-sc-eh6b4z-5 jafEFS"
  >
    Netflix United Kingdom
  </p>
</div>
`;
